ERROR: 2017/08/22 13:50:05 listing11.go:46: Something has failed
ERROR: 2017/08/22 13:52:01 listing11.go:46: Something has failed
ERROR: 2017/08/22 13:52:56 listing11.go:46: Something has failed
ERROR: 2017/08/22 13:53:01 listing11.go:46: Something has failed
ERROR: 2017/08/22 13:53:02 listing11.go:46: Something has failed
